All	33.80013227513228	2.461962999305542
"A"	30.12103174603174	1.5342299848818148
"B"	26.237797619047623	1.8120542103502049
"C"	62.55092592592592	8.700204921273619
